I'm sorry, but errors were detected in your script. Please correct the
errors listed below, and try again.


File "game/script.rpy", line 231: expected ':' not found.
    else if not (good_supplier):
         ^

File "game/script.rpy", line 235: expected statement.
    else:
        ^

File "game/script.rpy", line 263: expected ':' not found.
    else if compliance:
         ^

File "game/script.rpy", line 268: expected statement.
    else:
        ^

Ren'Py Version: Ren'Py 8.3.3.24111502
Fri Feb  7 00:30:11 2025
